// Jest Snapshot v1, https://goo.gl/fbAQLP

exports[`App Starting Up should render correctly 1`] = `ShallowWrapper {}`;
